node.exe : FAIL __tests__/integration/reallo
cation-flow.test.js
At C:\Program Files\nodejs\npx.ps1:29 char:3
+   & $NODE_EXE $NPX_CLI_JS $args
+   ~~~~~~~~~~~~~~~~~~~~~~~~~~~~~
    + CategoryInfo          : NotSpecified: 
    (FAIL __tests__/...on-flow.test.js:Str  
  ing) [], RemoteException
    + FullyQualifiedErrorId : NativeCommand 
   Error
 
  Reallocation Flow Integration
    No-Show Creates Vacancy
      ΓêÜ should detect vacant berths after 
no-show (4 ms)
      ├ù should not find vacancies in fully 
occupied berths (2 ms)
    Vacancy Matches Eligible RAC
      ΓêÜ should identify RAC passengers 
eligible for upgrade (1 ms)
      ΓêÜ should not include no-show RAC 
passengers as eligible
      ΓêÜ should not include non-boarded 
RAC passengers as eligible
    Complete Upgrade Cycle
      ΓêÜ should have matching vacancy for 
eligible RAC journey (1 ms)
      ΓêÜ should correctly identify journey 
segment overlap (1 ms)
    RAC Priority Ordering
      ΓêÜ should return RAC passengers in 
priority order (1 ms)
    Edge Cases
      ΓêÜ should handle empty RAC queue (1 
ms)
      ΓêÜ should handle no vacancies (1 ms)
      ΓêÜ should handle journey not started 
(1 ms)

  ΓùÅ Reallocation Flow Integration ΓÇ║ 
No-Show Creates Vacancy ΓÇ║ should not find 
vacancies in fully occupied berths

    expect(received).toBe(expected) // 
Object.is equality

    Expected: 0
    Received: 1

    [0m [90m 160 |[39m             
)[33m;[39m
     [90m 161 |[39m
    [31m[1m>[22m[39m[90m 162 |[39m    
         expect(s1b3Vacancies[33m.[39mleng
th)[33m.[39mtoBe([35m0[39m)[33m;[39m
     [90m     |[39m                       
                   [31m[1m^[22m[39m
     [90m 163 |[39m         })[33m;[39m
     [90m 164 |[39m     })[33m;[39m
     [90m 165 |[39m[0m

      at Object.toBe (__tests__/integration/
reallocation-flow.test.js:162:42)

PASS __tests__/integration/auth.test.js
  Auth Flow Integration
    Staff Login (Admin/TTE)
      ΓêÜ should return token for valid 
Admin credentials (108 ms)
      ΓêÜ should return token for valid TTE 
credentials (105 ms)
      ΓêÜ should reject invalid credentials
      ΓêÜ should return 400 for missing 
credentials
    Passenger Login
      ΓêÜ should return token for valid 
passenger with IRCTC ID (103 ms)
      ΓêÜ should reject invalid passenger 
credentials
      ΓêÜ should reject inactive passenger 
account (52 ms)
      ΓêÜ should reject wrong password (104 
ms)
    Auth Middleware
      ΓêÜ should attach user to request for 
valid token (3 ms)
      ΓêÜ should reject request without 
token
      ΓêÜ should reject expired token (2 ms)
      ΓêÜ should reject invalid token
    Role-Based Access Control
      ΓêÜ should allow access for matching 
role
      ΓêÜ should deny access for 
non-matching role (1 ms)
      ΓêÜ should deny access when no user 
attached
    Token Verification
      ΓêÜ should verify and return user 
info (1 ms)

PASS __tests__/services/OTPService.test.js
  OTPService
    generateOTP
      ΓêÜ should generate a 6-digit OTP (1 
ms)
      ΓêÜ should generate numeric OTP only
      ΓêÜ should generate OTP within valid 
range (100000-999999) (9 ms)
      ΓêÜ should generate different OTPs 
across multiple calls

PASS __tests__/controllers/passengerControll
er.test.js
  passengerController
    getByPNR
      ΓêÜ should return passenger for valid 
PNR (1 ms)
      ΓêÜ should return 404 for 
non-existent PNR (1 ms)
    getAvailableBoardingStations
      ΓêÜ should return available stations 
for valid PNR (1 ms)
    changeBoardingStation
      ΓêÜ should change boarding station 
successfully
      ΓêÜ should reject if already changed 
(1 ms)
    selfCancel
      ΓêÜ should cancel ticket successfully

PASS __tests__/utils/helpers.test.js
  helpers
    formatPNR
      ΓêÜ should format 10-digit PNR with 
spaces
    isValidPNR
      ΓêÜ should return true for valid 
10-digit PNR
      ΓêÜ should return false for invalid 
PNR
    generateUUID
      ΓêÜ should generate unique IDs
    sanitizeString
      ΓêÜ should remove HTML tags (1 ms)
      ΓêÜ should trim whitespace
    calculateTimeDifference
      ΓêÜ should calculate time difference 
correctly
    formatDate
      ΓêÜ should format date correctly (16 
ms)
    debounce
      ΓêÜ should debounce function calls (2 
ms)
    deepClone
      ΓêÜ should create deep copy of object

PASS 
__tests__/services/ValidationService.test.js
  ValidationService
    validatePNR
      ΓêÜ should validate correct 10-digit 
PNR (1 ms)
      ΓêÜ should validate correct 12-digit 
PNR
      ΓêÜ should reject PNR with less than 
10 digits
      ΓêÜ should reject PNR with more than 
12 digits
      ΓêÜ should reject PNR with 
non-numeric characters (1 ms)
      ΓêÜ should reject null PNR
      ΓêÜ should reject undefined PNR
      ΓêÜ should reject empty string PNR (1 
ms)
      ΓêÜ should handle PNR with spaces 
(after trimming)
    validateJourney
      ΓêÜ should validate correct journey 
(from < to)
      ΓêÜ should reject journey where from 
>= to (1 ms)
      ΓêÜ should reject journey where from 
> to
      ΓêÜ should reject negative station 
indices
      ΓêÜ should reject station index >= 
total stations (1 ms)
      ΓêÜ should reject non-numeric indices
    validateTrainInitialized
      ΓêÜ should validate initialized train 
state
      ΓêÜ should reject null train state (1 
ms)
      ΓêÜ should reject train state without 
stations
      ΓêÜ should reject train state without 
coaches
    validateStationIndex
      ΓêÜ should validate correct station 
index (3 ms)
      ΓêÜ should reject negative station 
index
      ΓêÜ should reject station index >= 
total stations
      ΓêÜ should reject non-numeric station 
index
    validateJourneyStarted
      ΓêÜ should validate when journey has 
started
      ΓêÜ should reject when journey has 
not started

PASS __tests__/services/reallocation/RACQueu
eService.test.js
  RACQueueService
    getRACQueue
      ΓêÜ should return all RAC passengers 
(1 ms)
      ΓêÜ should include passenger details 
in result (1 ms)
      ΓêÜ should return empty array for 
empty queue (1 ms)
    getRACStats
      ΓêÜ should return correct RAC 
statistics
      ΓêÜ should count boarded passengers 
correctly
    searchPassenger
      ΓêÜ should find passenger in RAC queue
      ΓêÜ should return not found for 
non-existent PNR
    addToRACQueue
      ΓêÜ should add new passenger to RAC 
queue
      ΓêÜ should not add duplicate passenger
    removeFromRACQueue
      ΓêÜ should remove passenger from RAC 
queue (1 ms)
      ΓêÜ should return failure for 
non-existent passenger
    getRACByPriority
      ΓêÜ should group RAC passengers by 
RAC number

PASS __tests__/services/reallocation/Vacancy
Service.test.js
  VacancyService
    getVacantBerths
      ΓêÜ should return array of vacant 
berths (1 ms)
      ΓêÜ should include berth details in 
each vacancy
      ΓêÜ should find fully vacant berths 
(1 ms)
      ΓêÜ should return empty array when no 
vacancies exist
    getVacantSegments
      ΓêÜ should be an alias for 
getVacantBerths (1 ms)
    getTotalVacantBerths
      ΓêÜ should return count of vacant 
berths
    getVacanciesByCoach
      ΓêÜ should filter vacancies by coach 
number
      ΓêÜ should return empty array for 
non-existent coach
    getVacanciesByClass
      ΓêÜ should filter vacancies by class 
type
    getLongestVacancies
      ΓêÜ should return vacancies sorted by 
duration (1 ms)
      ΓêÜ should limit results to specified 
count

PASS 
__tests__/controllers/tteController.test.js
  tteController
    markNoShow
      ΓêÜ should mark passenger as no-show 
(1 ms)
      ΓêÜ should return 400 when PNR is 
missing (1 ms)
    verifyBoarding
      ΓêÜ should verify passenger boarding
    getPendingReallocations
      ΓêÜ should return pending 
reallocations (1 ms)
    approveReallocation
      ΓêÜ should approve reallocation
    scanQR
      ΓêÜ should process QR scan

Test Suites: 1 failed, 8 passed, 9 total
Tests:       1 failed, 100 passed, 101 total
Snapshots:   0 total
Time:        1.573 s
Ran all test suites.
Force exiting Jest: Have you considered 
using `--detectOpenHandles` to detect async 
operations that kept running after all 
tests finished?
